// Jest Snapshot v1, https://goo.gl/fbAQLP

exports[`Renders the shared root 1`] = `
<body>
  <div>
    <div
      class="css-view-1dbjc4n"
      style="background-color: rgb(255, 255, 255); flex-grow: 1; flex-shrink: 1; flex-basis: 0%;"
    >
      <div
        class="css-view-1dbjc4n"
        style="flex-grow: 1; flex-shrink: 1; flex-basis: 0%; width: 100%;"
      >
        <div
          class="css-view-1dbjc4n"
          style="background-color: rgb(30, 136, 229); flex-grow: 1; flex-shrink: 1; flex-basis: 0%;"
        >
          <div
            class="css-view-1dbjc4n"
            style="bottom: 0px; opacity: 1; position: absolute; top: 0px; width: 100%;"
          >
            <div
              class="css-view-1dbjc4n"
              style="align-items: center; flex-direction: row; height: 56px;"
            >
              <div
                class="css-text-901oao"
                dir="auto"
                style="color: rgb(255, 255, 255); font-size: 18px; font-weight: 500; margin-left: 72px;"
              >
                App
              </div>
            </div>
          </div>
          <div
            class="css-view-1dbjc4n"
            style="background-color: rgb(255, 255, 255); border-top-left-radius: 16px; border-top-right-radius: 16px; flex-grow: 1; flex-shrink: 1; flex-basis: 0%; transform: translateY(56px);"
          >
            <div
              class="css-text-901oao"
              dir="auto"
              style="color: rgba(0, 0, 0, 0.8); font-size: 16px; margin-bottom: 0px; margin-left: 20px; margin-top: 16px; text-align: left;"
            />
            <div
              class="css-view-1dbjc4n"
              style="align-items: center; flex-grow: 1; flex-shrink: 1; flex-basis: 0%; padding-top: 30px;"
            >
              <div
                class="css-text-901oao"
                dir="auto"
                style="align-self: flex-start; color: rgba(0, 0, 0, 0.87); font-size: 20px; margin-bottom: 0px; margin-left: 20px; text-align: left;"
                text="Albums"
              >
                Albums
              </div>
              <div
                class="css-view-1dbjc4n"
                data-focusable="true"
                data-testid="mb-ripple"
                style="align-items: center; background-color: rgba(0, 0, 0, 0); cursor: pointer; flex-direction: row; padding: 12px 16px 12px 16px; width: 100%; z-index: 1;"
                tabindex="0"
              >
                <div
                  class="css-view-1dbjc4n"
                  style="align-items: center; background-color: rgb(163, 163, 163); border-top-left-radius: 20px; border-top-right-radius: 20px; border-bottom-right-radius: 20px; border-bottom-left-radius: 20px; height: 40px; justify-content: center; width: 40px;"
                >
                  <div
                    class="css-text-901oao r-pointerEvents-633pao"
                    dir="auto"
                    style="background-color: rgba(0, 0, 0, 0); color: rgb(236, 236, 236); font-family: MaterialIcons; font-size: 26.666666666666668px; font-style: normal; font-weight: normal;"
                    theme="[object Object]"
                  >
                    
                  </div>
                </div>
                <div
                  class="css-view-1dbjc4n"
                  style="align-self: center; flex-shrink: 1; margin-left: 16px;"
                >
                  <div
                    class="css-view-1dbjc4n"
                    style="align-items: flex-start;"
                  >
                    <div
                      class="css-text-901oao css-textOneLine-bfa6kz"
                      dir="auto"
                      style="color: rgba(0, 0, 0, 0.87); font-size: 16px; letter-spacing: 0.5px; line-height: 16px; margin-bottom: 0px; text-align: left;"
                    >
                      Back in Black
                    </div>
                    <div
                      class="css-text-901oao css-textMultiLine-cens5h"
                      dir="auto"
                      style="color: rgba(0, 0, 0, 0.57); font-size: 14px; letter-spacing: 0.4px; line-height: 14px; margin-bottom: 0px; margin-top: 4px; text-align: left;"
                    >
                      AC/DC
                    </div>
                  </div>
                </div>
                <div
                  class="css-view-1dbjc4n"
                  style="flex-grow: 1; flex-shrink: 1; flex-basis: 0%;"
                />
                <div
                  class="css-view-1dbjc4n"
                  data-focusable="true"
                  data-testid="mb-ripple"
                  style="align-items: center; cursor: pointer; height: 32px; justify-content: center; width: 32px;"
                  tabindex="0"
                >
                  <div
                    class="css-text-901oao r-pointerEvents-633pao"
                    dir="auto"
                    style="background-color: rgba(0, 0, 0, 0); color: rgb(110, 110, 110); font-family: MaterialIcons; font-size: 24px; font-style: normal; font-weight: normal;"
                    theme="[object Object]"
                  >
                    
                  </div>
                  <div
                    class="css-view-1dbjc4n r-pointerEvents-633pao"
                    style="background-color: rgba(0, 0, 0, 0); border-top-left-radius: 100px; border-top-right-radius: 100px; border-bottom-right-radius: 100px; border-bottom-left-radius: 100px; bottom: 0px; left: 0px; overflow-x: hidden; overflow-y: hidden; position: absolute; right: 0px; top: 0px; z-index: 10;"
                  />
                </div>
                <div
                  class="css-view-1dbjc4n r-pointerEvents-633pao"
                  style="background-color: rgba(0, 0, 0, 0); border-top-left-radius: 0px; border-top-right-radius: 0px; border-bottom-right-radius: 0px; border-bottom-left-radius: 0px; bottom: 0px; left: 0px; overflow-x: hidden; overflow-y: hidden; position: absolute; right: 0px; top: 0px; z-index: 10;"
                />
              </div>
              <div
                class="css-view-1dbjc4n"
                data-focusable="true"
                data-testid="mb-ripple"
                style="align-items: center; background-color: rgba(0, 0, 0, 0); cursor: pointer; flex-direction: row; padding: 12px 16px 12px 16px; width: 100%; z-index: 1;"
                tabindex="0"
              >
                <div
                  class="css-view-1dbjc4n"
                  style="align-items: center; background-color: rgb(163, 163, 163); border-top-left-radius: 20px; border-top-right-radius: 20px; border-bottom-right-radius: 20px; border-bottom-left-radius: 20px; height: 40px; justify-content: center; width: 40px;"
                >
                  <div
                    class="css-text-901oao r-pointerEvents-633pao"
                    dir="auto"
                    style="background-color: rgba(0, 0, 0, 0); color: rgb(236, 236, 236); font-family: MaterialIcons; font-size: 26.666666666666668px; font-style: normal; font-weight: normal;"
                    theme="[object Object]"
                  >
                    
                  </div>
                </div>
                <div
                  class="css-view-1dbjc4n"
                  style="align-self: center; flex-shrink: 1; margin-left: 16px;"
                >
                  <div
                    class="css-view-1dbjc4n"
                    style="align-items: flex-start;"
                  >
                    <div
                      class="css-text-901oao css-textOneLine-bfa6kz"
                      dir="auto"
                      style="color: rgba(0, 0, 0, 0.87); font-size: 16px; letter-spacing: 0.5px; line-height: 16px; margin-bottom: 0px; text-align: left;"
                    >
                      Hotel California
                    </div>
                    <div
                      class="css-text-901oao css-textMultiLine-cens5h"
                      dir="auto"
                      style="color: rgba(0, 0, 0, 0.57); font-size: 14px; letter-spacing: 0.4px; line-height: 14px; margin-bottom: 0px; margin-top: 4px; text-align: left;"
                    >
                      Eagles
                    </div>
                  </div>
                </div>
                <div
                  class="css-view-1dbjc4n"
                  style="flex-grow: 1; flex-shrink: 1; flex-basis: 0%;"
                />
                <div
                  class="css-view-1dbjc4n"
                  data-focusable="true"
                  data-testid="mb-ripple"
                  style="align-items: center; cursor: pointer; height: 32px; justify-content: center; width: 32px;"
                  tabindex="0"
                >
                  <div
                    class="css-text-901oao r-pointerEvents-633pao"
                    dir="auto"
                    style="background-color: rgba(0, 0, 0, 0); color: rgb(110, 110, 110); font-family: MaterialIcons; font-size: 24px; font-style: normal; font-weight: normal;"
                    theme="[object Object]"
                  >
                    
                  </div>
                  <div
                    class="css-view-1dbjc4n r-pointerEvents-633pao"
                    style="background-color: rgba(0, 0, 0, 0); border-top-left-radius: 100px; border-top-right-radius: 100px; border-bottom-right-radius: 100px; border-bottom-left-radius: 100px; bottom: 0px; left: 0px; overflow-x: hidden; overflow-y: hidden; position: absolute; right: 0px; top: 0px; z-index: 10;"
                  />
                </div>
                <div
                  class="css-view-1dbjc4n r-pointerEvents-633pao"
                  style="background-color: rgba(0, 0, 0, 0); border-top-left-radius: 0px; border-top-right-radius: 0px; border-bottom-right-radius: 0px; border-bottom-left-radius: 0px; bottom: 0px; left: 0px; overflow-x: hidden; overflow-y: hidden; position: absolute; right: 0px; top: 0px; z-index: 10;"
                />
              </div>
              <div
                class="css-view-1dbjc4n"
                data-focusable="true"
                data-testid="mb-ripple"
                style="align-items: center; background-color: rgba(0, 0, 0, 0); cursor: pointer; flex-direction: row; padding: 12px 16px 12px 16px; width: 100%; z-index: 1;"
                tabindex="0"
              >
                <div
                  class="css-view-1dbjc4n"
                  style="align-items: center; background-color: rgb(163, 163, 163); border-top-left-radius: 20px; border-top-right-radius: 20px; border-bottom-right-radius: 20px; border-bottom-left-radius: 20px; height: 40px; justify-content: center; width: 40px;"
                >
                  <div
                    class="css-text-901oao r-pointerEvents-633pao"
                    dir="auto"
                    style="background-color: rgba(0, 0, 0, 0); color: rgb(236, 236, 236); font-family: MaterialIcons; font-size: 26.666666666666668px; font-style: normal; font-weight: normal;"
                    theme="[object Object]"
                  >
                    
                  </div>
                </div>
                <div
                  class="css-view-1dbjc4n"
                  style="align-self: center; flex-shrink: 1; margin-left: 16px;"
                >
                  <div
                    class="css-view-1dbjc4n"
                    style="align-items: flex-start;"
                  >
                    <div
                      class="css-text-901oao css-textOneLine-bfa6kz"
                      dir="auto"
                      style="color: rgba(0, 0, 0, 0.87); font-size: 16px; letter-spacing: 0.5px; line-height: 16px; margin-bottom: 0px; text-align: left;"
                    >
                      Dark Side of the Moon
                    </div>
                    <div
                      class="css-text-901oao css-textMultiLine-cens5h"
                      dir="auto"
                      style="color: rgba(0, 0, 0, 0.57); font-size: 14px; letter-spacing: 0.4px; line-height: 14px; margin-bottom: 0px; margin-top: 4px; text-align: left;"
                    >
                      Pink Floyd 
                    </div>
                  </div>
                </div>
                <div
                  class="css-view-1dbjc4n"
                  style="flex-grow: 1; flex-shrink: 1; flex-basis: 0%;"
                />
                <div
                  class="css-view-1dbjc4n"
                  data-focusable="true"
                  data-testid="mb-ripple"
                  style="align-items: center; cursor: pointer; height: 32px; justify-content: center; width: 32px;"
                  tabindex="0"
                >
                  <div
                    class="css-text-901oao r-pointerEvents-633pao"
                    dir="auto"
                    style="background-color: rgba(0, 0, 0, 0); color: rgb(110, 110, 110); font-family: MaterialIcons; font-size: 24px; font-style: normal; font-weight: normal;"
                    theme="[object Object]"
                  >
                    
                  </div>
                  <div
                    class="css-view-1dbjc4n r-pointerEvents-633pao"
                    style="background-color: rgba(0, 0, 0, 0); border-top-left-radius: 100px; border-top-right-radius: 100px; border-bottom-right-radius: 100px; border-bottom-left-radius: 100px; bottom: 0px; left: 0px; overflow-x: hidden; overflow-y: hidden; position: absolute; right: 0px; top: 0px; z-index: 10;"
                  />
                </div>
                <div
                  class="css-view-1dbjc4n r-pointerEvents-633pao"
                  style="background-color: rgba(0, 0, 0, 0); border-top-left-radius: 0px; border-top-right-radius: 0px; border-bottom-right-radius: 0px; border-bottom-left-radius: 0px; bottom: 0px; left: 0px; overflow-x: hidden; overflow-y: hidden; position: absolute; right: 0px; top: 0px; z-index: 10;"
                />
              </div>
              <div
                class="css-view-1dbjc4n"
                data-focusable="true"
                data-testid="mb-ripple"
                style="align-items: center; background-color: rgba(0, 0, 0, 0); cursor: pointer; flex-direction: row; padding: 12px 16px 12px 16px; width: 100%; z-index: 1;"
                tabindex="0"
              >
                <div
                  class="css-view-1dbjc4n"
                  style="align-items: center; background-color: rgb(163, 163, 163); border-top-left-radius: 20px; border-top-right-radius: 20px; border-bottom-right-radius: 20px; border-bottom-left-radius: 20px; height: 40px; justify-content: center; width: 40px;"
                >
                  <div
                    class="css-text-901oao r-pointerEvents-633pao"
                    dir="auto"
                    style="background-color: rgba(0, 0, 0, 0); color: rgb(236, 236, 236); font-family: MaterialIcons; font-size: 26.666666666666668px; font-style: normal; font-weight: normal;"
                    theme="[object Object]"
                  >
                    
                  </div>
                </div>
                <div
                  class="css-view-1dbjc4n"
                  style="align-self: center; flex-shrink: 1; margin-left: 16px;"
                >
                  <div
                    class="css-view-1dbjc4n"
                    style="align-items: flex-start;"
                  >
                    <div
                      class="css-text-901oao css-textOneLine-bfa6kz"
                      dir="auto"
                      style="color: rgba(0, 0, 0, 0.87); font-size: 16px; letter-spacing: 0.5px; line-height: 16px; margin-bottom: 0px; text-align: left;"
                    >
                      Led Zeppelin IV
                    </div>
                    <div
                      class="css-text-901oao css-textMultiLine-cens5h"
                      dir="auto"
                      style="color: rgba(0, 0, 0, 0.57); font-size: 14px; letter-spacing: 0.4px; line-height: 14px; margin-bottom: 0px; margin-top: 4px; text-align: left;"
                    >
                      Led Zeppelin
                    </div>
                  </div>
                </div>
                <div
                  class="css-view-1dbjc4n"
                  style="flex-grow: 1; flex-shrink: 1; flex-basis: 0%;"
                />
                <div
                  class="css-view-1dbjc4n"
                  data-focusable="true"
                  data-testid="mb-ripple"
                  style="align-items: center; cursor: pointer; height: 32px; justify-content: center; width: 32px;"
                  tabindex="0"
                >
                  <div
                    class="css-text-901oao r-pointerEvents-633pao"
                    dir="auto"
                    style="background-color: rgba(0, 0, 0, 0); color: rgb(110, 110, 110); font-family: MaterialIcons; font-size: 24px; font-style: normal; font-weight: normal;"
                    theme="[object Object]"
                  >
                    
                  </div>
                  <div
                    class="css-view-1dbjc4n r-pointerEvents-633pao"
                    style="background-color: rgba(0, 0, 0, 0); border-top-left-radius: 100px; border-top-right-radius: 100px; border-bottom-right-radius: 100px; border-bottom-left-radius: 100px; bottom: 0px; left: 0px; overflow-x: hidden; overflow-y: hidden; position: absolute; right: 0px; top: 0px; z-index: 10;"
                  />
                </div>
                <div
                  class="css-view-1dbjc4n r-pointerEvents-633pao"
                  style="background-color: rgba(0, 0, 0, 0); border-top-left-radius: 0px; border-top-right-radius: 0px; border-bottom-right-radius: 0px; border-bottom-left-radius: 0px; bottom: 0px; left: 0px; overflow-x: hidden; overflow-y: hidden; position: absolute; right: 0px; top: 0px; z-index: 10;"
                />
              </div>
            </div>
          </div>
          <div
            class="css-view-1dbjc4n"
            style="align-items: center; height: 56px; justify-content: center; position: absolute; transform: rotate(180deg); width: 56px;"
          >
            <div
              class="css-view-1dbjc4n"
              data-focusable="true"
              data-testid="mb-ripple"
              style="cursor: pointer; height: 32px; justify-content: center; width: 32px;"
              tabindex="0"
            >
              <div
                class="css-text-901oao r-pointerEvents-633pao"
                dir="auto"
                style="align-self: center; background-color: rgba(0, 0, 0, 0); color: rgb(255, 255, 255); font-family: MaterialIcons; font-size: 24px; font-style: normal; font-weight: normal;"
                theme="[object Object]"
              >
                
              </div>
              <div
                class="css-view-1dbjc4n r-pointerEvents-633pao"
                style="background-color: rgba(0, 0, 0, 0); border-top-left-radius: 100px; border-top-right-radius: 100px; border-bottom-right-radius: 100px; border-bottom-left-radius: 100px; bottom: 0px; left: 0px; overflow-x: hidden; overflow-y: hidden; position: absolute; right: 0px; top: 0px; z-index: 10;"
              />
            </div>
          </div>
        </div>
      </div>
    </div>
  </div>
</body>
`;
